// Jest Snapshot v1, https://goo.gl/fbAQLP

exports[`DocsMenu should match snapshot 1`] = `
<div>
  <div
    class="hs_option_buttons  hs_radio_buttons hsdocs_menu hs_menu "
    style="grid-template-columns: repeat(2, 1fr);"
  >
    <div
      class="hs_button state0  hs_onoff_button index0 "
    >
      hsUtil
    </div>
    <div
      class="hs_button state0  hs_onoff_button index1 "
    >
      hsDocs
    </div>
  </div>
</div>
`;
