// Jest Snapshot v1, https://goo.gl/fbAQLP

exports[`LeftNav overview matches snapshot 1`] = `
<body>
  <div
    class="hs-layout  "
  >
    <div
      class="hs-left"
    >
      <div
        class="hs-left-nav"
      >
        <div
          class="hs-left-nav-content"
        >
          <div
            class="hs-left-nav-header"
          >
            Modules
          </div>
          <div
            class="hs-collapsible  hs-left-nav-module"
          >
            <div
              class="hs-collapsible-title"
            >
              <div
                class="hs-collapsible-pre  hs-collapsible-arrow-right"
              />
              <div>
                <a
                  class="hs-left-nav-module-name "
                  href="#!/api/hsDocs/hsDocs.DocSets"
                >
                  DocSets
                </a>
              </div>
              <div />
            </div>
            <div
              class="hs-collapsible-content "
            >
              <div>
                <div
                  class="hs-left-nav-entries"
                >
                  <div
                    class="hs-left-nav-header"
                  >
                    Classes
                  </div>
                  <div>
                    
                    <a
                      class="hs-left-nav-entry   hs-left-nav-exported"
                      href="#!/api/hsDocs/hsDocs.DocSets.DocSets"
                    >
                      DocSets
                    </a>
                  </div>
                </div>
              </div>
              <div>
                
              </div>
              <div>
                <div
                  class="hs-left-nav-entries"
                >
                  <div
                    class="hs-left-nav-header"
                  >
                    Functions
                  </div>
                  <div>
                    
                    <a
                      class="hs-left-nav-entry  "
                      href="#!/api/hsDocs/hsDocs.DocSets.loadDocSet"
                    >
                      loadDocSet
                    </a>
                  </div>
                  <div>
                    
                    <a
                      class="hs-left-nav-entry  "
                      href="#!/api/hsDocs/hsDocs.DocSets.recursiveIndex"
                    >
                      recursiveIndex
                    </a>
                  </div>
                </div>
              </div>
            </div>
          </div>
          <div
            class="hs-collapsible  hs-left-nav-module"
          >
            <div
              class="hs-collapsible-title"
            >
              <div
                class="hs-collapsible-pre  hs-collapsible-arrow-right"
              />
              <div>
                <a
                  class="hs-left-nav-module-name "
                  href="#!/api/hsDocs/hsDocs.Site"
                >
                  Site
                </a>
              </div>
              <div />
            </div>
            <div
              class="hs-collapsible-content "
            >
              <div>
                
              </div>
              <div>
                <div
                  class="hs-left-nav-entries"
                >
                  <div
                    class="hs-left-nav-header"
                  >
                    Functions
                  </div>
                  <div>
                    
                    <a
                      class="hs-left-nav-entry   hs-left-nav-exported"
                      href="#!/api/hsDocs/hsDocs.Site.init"
                    >
                      init
                    </a>
                  </div>
                </div>
              </div>
              <div>
                <div
                  class="hs-left-nav-entries"
                >
                  <div
                    class="hs-left-nav-header"
                  >
                    Object literals
                  </div>
                  <div>
                    
                    <a
                      class="hs-left-nav-entry  "
                      href="#!/api/hsDocs/hsDocs.Site.myConfig"
                    >
                      myConfig
                    </a>
                  </div>
                </div>
              </div>
            </div>
          </div>
          <div
            class="hs-collapsible  hs-left-nav-module"
          >
            <div
              class="hs-collapsible-title"
            >
              <div
                class="hs-collapsible-pre  hs-collapsible-arrow-right"
              />
              <div>
                <a
                  class="hs-left-nav-module-name "
                  href="#!/api/hsDocs/hsDocs.markdown"
                >
                  markdown
                </a>
              </div>
              <div />
            </div>
            <div
              class="hs-collapsible-content "
            >
              <div>
                
              </div>
              <div>
                <div
                  class="hs-left-nav-entries"
                >
                  <div
                    class="hs-left-nav-header"
                  >
                    Functions
                  </div>
                  <div>
                    
                    <a
                      class="hs-left-nav-entry   hs-left-nav-exported"
                      href="#!/api/hsDocs/hsDocs.markdown.markDown"
                    >
                      markDown
                    </a>
                  </div>
                  <div>
                    
                    <a
                      class="hs-left-nav-entry  "
                      href="#!/api/hsDocs/hsDocs.markdown.substituteLinks"
                    >
                      substituteLinks
                    </a>
                  </div>
                </div>
              </div>
            </div>
          </div>
          <div
            class="hs-collapsible  hs-left-nav-module"
          >
            <div
              class="hs-collapsible-title"
            >
              <div
                class="hs-collapsible-pre  hs-collapsible-arrow-right"
              />
              <div>
                <a
                  class="hs-left-nav-module-name "
                  href="#!/api/hsDocs/hsDocs.view.DocsMenu"
                >
                  view.DocsMenu
                </a>
              </div>
              <div />
            </div>
            <div
              class="hs-collapsible-content "
            >
              <div>
                <div
                  class="hs-left-nav-entries"
                >
                  <div
                    class="hs-left-nav-header"
                  >
                    Classes
                  </div>
                  <div>
                    
                    <a
                      class="hs-left-nav-entry   hs-left-nav-exported"
                      href="#!/api/hsDocs/hsDocs.view.DocsMenu.DocsMenu"
                    >
                      DocsMenu
                    </a>
                  </div>
                </div>
              </div>
            </div>
          </div>
          <div
            class="hs-collapsible  hs-left-nav-module"
          >
            <div
              class="hs-collapsible-title"
            >
              <div
                class="hs-collapsible-pre  hs-collapsible-arrow-right"
              />
              <div>
                <a
                  class="hs-left-nav-module-name "
                  href="#!/api/hsDocs/hsDocs.view.LeftNav"
                >
                  view.LeftNav
                </a>
              </div>
              <div />
            </div>
            <div
              class="hs-collapsible-content "
            >
              <div>
                <div
                  class="hs-left-nav-entries"
                >
                  <div
                    class="hs-left-nav-header"
                  >
                    Classes
                  </div>
                  <div>
                    
                    <a
                      class="hs-left-nav-entry   hs-left-nav-exported"
                      href="#!/api/hsDocs/hsDocs.view.LeftNav.LeftNav"
                    >
                      LeftNav
                    </a>
                  </div>
                </div>
              </div>
              <div>
                <div
                  class="hs-left-nav-entries"
                >
                  <div
                    class="hs-left-nav-header"
                  >
                    Functions
                  </div>
                  <div>
                    
                    <a
                      class="hs-left-nav-entry  "
                      href="#!/api/hsDocs/hsDocs.view.LeftNav.entries"
                    >
                      entries
                    </a>
                  </div>
                  <div>
                    
                    <a
                      class="hs-left-nav-entry  "
                      href="#!/api/hsDocs/hsDocs.view.LeftNav.exportAscending"
                    >
                      exportAscending
                    </a>
                  </div>
                  <div>
                    
                    <a
                      class="hs-left-nav-entry  "
                      href="#!/api/hsDocs/hsDocs.view.LeftNav.navList"
                    >
                      navList
                    </a>
                  </div>
                </div>
              </div>
              <div>
                <div
                  class="hs-left-nav-entries"
                >
                  <div
                    class="hs-left-nav-header"
                  >
                    Object literals
                  </div>
                  <div>
                    
                    <a
                      class="hs-left-nav-entry  "
                      href="#!/api/hsDocs/hsDocs.view.LeftNav.ignoreModules"
                    >
                      ignoreModules
                    </a>
                  </div>
                </div>
              </div>
            </div>
          </div>
          <div
            class="hs-collapsible  hs-left-nav-module"
          >
            <div
              class="hs-collapsible-title"
            >
              <div
                class="hs-collapsible-pre  hs-collapsible-arrow-right"
              />
              <div>
                <a
                  class="hs-left-nav-module-name "
                  href="#!/api/hsDocs/hsDocs.view.MainComment"
                >
                  view.MainComment
                </a>
              </div>
              <div />
            </div>
            <div
              class="hs-collapsible-content "
            >
              <div>
                <div
                  class="hs-left-nav-entries"
                >
                  <div
                    class="hs-left-nav-header"
                  >
                    Functions
                  </div>
                  <div>
                    
                    <a
                      class="hs-left-nav-entry   hs-left-nav-exported"
                      href="#!/api/hsDocs/hsDocs.view.MainComment.comment"
                    >
                      comment
                    </a>
                  </div>
                  <div>
                    
                    <a
                      class="hs-left-nav-entry   hs-left-nav-exported"
                      href="#!/api/hsDocs/hsDocs.view.MainComment.commentLong"
                    >
                      commentLong
                    </a>
                  </div>
                  <div>
                    
                    <a
                      class="hs-left-nav-entry  "
                      href="#!/api/hsDocs/hsDocs.view.MainComment.commentRemainder"
                    >
                      commentRemainder
                    </a>
                  </div>
                  <div>
                    
                    <a
                      class="hs-left-nav-entry  "
                      href="#!/api/hsDocs/hsDocs.view.MainComment.mainCommentParams"
                    >
                      mainCommentParams
                    </a>
                  </div>
                  <div>
                    
                    <a
                      class="hs-left-nav-entry  "
                      href="#!/api/hsDocs/hsDocs.view.MainComment.otherCommentTags"
                    >
                      otherCommentTags
                    </a>
                  </div>
                  <div>
                    
                    <a
                      class="hs-left-nav-entry  "
                      href="#!/api/hsDocs/hsDocs.view.MainComment.prettifyCode"
                    >
                      prettifyCode
                    </a>
                  </div>
                  <div>
                    
                    <a
                      class="hs-left-nav-entry  "
                      href="#!/api/hsDocs/hsDocs.view.MainComment.returns"
                    >
                      returns
                    </a>
                  </div>
                  <div>
                    
                    <a
                      class="hs-left-nav-entry  "
                      href="#!/api/hsDocs/hsDocs.view.MainComment.textOrShortTextOrDescription"
                    >
                      textOrShortTextOrDescription
                    </a>
                  </div>
                </div>
              </div>
            </div>
          </div>
          <div
            class="hs-collapsible  hs-left-nav-module"
          >
            <div
              class="hs-collapsible-title"
            >
              <div
                class="hs-collapsible-pre  hs-collapsible-arrow-right"
              />
              <div>
                <a
                  class="hs-left-nav-module-name "
                  href="#!/api/hsDocs/hsDocs.view.MainDetail"
                >
                  view.MainDetail
                </a>
              </div>
              <div />
            </div>
            <div
              class="hs-collapsible-content "
            >
              <div>
                <div
                  class="hs-left-nav-entries"
                >
                  <div
                    class="hs-left-nav-header"
                  >
                    Classes
                  </div>
                  <div>
                    
                    <a
                      class="hs-left-nav-entry   hs-left-nav-exported"
                      href="#!/api/hsDocs/hsDocs.view.MainDetail.MainDetail"
                    >
                      MainDetail
                    </a>
                  </div>
                </div>
              </div>
              <div>
                <div
                  class="hs-left-nav-entries"
                >
                  <div
                    class="hs-left-nav-header"
                  >
                    Functions
                  </div>
                  <div>
                    
                    <a
                      class="hs-left-nav-entry  "
                      href="#!/api/hsDocs/hsDocs.view.MainDetail.getOverview"
                    >
                      getOverview
                    </a>
                  </div>
                  <div>
                    
                    <a
                      class="hs-left-nav-entry  "
                      href="#!/api/hsDocs/hsDocs.view.MainDetail.itemChild"
                    >
                      itemChild
                    </a>
                  </div>
                  <div>
                    
                    <a
                      class="hs-left-nav-entry  "
                      href="#!/api/hsDocs/hsDocs.view.MainDetail.itemDescriptor"
                    >
                      itemDescriptor
                    </a>
                  </div>
                  <div>
                    
                    <a
                      class="hs-left-nav-entry  "
                      href="#!/api/hsDocs/hsDocs.view.MainDetail.itemDoc"
                    >
                      itemDoc
                    </a>
                  </div>
                  <div>
                    
                    <a
                      class="hs-left-nav-entry  "
                      href="#!/api/hsDocs/hsDocs.view.MainDetail.member"
                    >
                      member
                    </a>
                  </div>
                  <div>
                    
                    <a
                      class="hs-left-nav-entry  "
                      href="#!/api/hsDocs/hsDocs.view.MainDetail.members"
                    >
                      members
                    </a>
                  </div>
                  <div>
                    
                    <a
                      class="hs-left-nav-entry  "
                      href="#!/api/hsDocs/hsDocs.view.MainDetail.overviewDoc"
                    >
                      overviewDoc
                    </a>
                  </div>
                  <div>
                    
                    <a
                      class="hs-left-nav-entry  "
                      href="#!/api/hsDocs/hsDocs.view.MainDetail.parameter"
                    >
                      parameter
                    </a>
                  </div>
                  <div>
                    
                    <a
                      class="hs-left-nav-entry  "
                      href="#!/api/hsDocs/hsDocs.view.MainDetail.title"
                    >
                      title
                    </a>
                  </div>
                </div>
              </div>
            </div>
          </div>
          <div
            class="hs-collapsible  hs-left-nav-module"
          >
            <div
              class="hs-collapsible-title"
            >
              <div
                class="hs-collapsible-pre  hs-collapsible-arrow-right"
              />
              <div>
                <a
                  class="hs-left-nav-module-name "
                  href="#!/api/hsDocs/hsDocs.view.MainExample"
                >
                  view.MainExample
                </a>
              </div>
              <div />
            </div>
            <div
              class="hs-collapsible-content "
            >
              <div>
                <div
                  class="hs-left-nav-entries"
                >
                  <div
                    class="hs-left-nav-header"
                  >
                    Interfaces
                  </div>
                  <div>
                    
                    <a
                      class="hs-left-nav-entry  "
                      href="#!/api/hsDocs/hsDocs.view.MainExample.CommentDescriptor"
                    >
                      CommentDescriptor
                    </a>
                  </div>
                </div>
              </div>
              <div>
                
              </div>
              <div>
                <div
                  class="hs-left-nav-entries"
                >
                  <div
                    class="hs-left-nav-header"
                  >
                    Functions
                  </div>
                  <div>
                    
                    <a
                      class="hs-left-nav-entry   hs-left-nav-exported"
                      href="#!/api/hsDocs/hsDocs.view.MainExample.example"
                    >
                      example
                    </a>
                  </div>
                  <div>
                    
                    <a
                      class="hs-left-nav-entry  "
                      href="#!/api/hsDocs/hsDocs.view.MainExample.addExample"
                    >
                      addExample
                    </a>
                  </div>
                  <div>
                    
                    <a
                      class="hs-left-nav-entry  "
                      href="#!/api/hsDocs/hsDocs.view.MainExample.addExampleStructure"
                    >
                      addExampleStructure
                    </a>
                  </div>
                  <div>
                    
                    <a
                      class="hs-left-nav-entry  "
                      href="#!/api/hsDocs/hsDocs.view.MainExample.createExecuteScript"
                    >
                      createExecuteScript
                    </a>
                  </div>
                  <div>
                    
                    <a
                      class="hs-left-nav-entry  "
                      href="#!/api/hsDocs/hsDocs.view.MainExample.executeError"
                    >
                      executeError
                    </a>
                  </div>
                  <div>
                    
                    <a
                      class="hs-left-nav-entry  "
                      href="#!/api/hsDocs/hsDocs.view.MainExample.executeScript"
                    >
                      executeScript
                    </a>
                  </div>
                  <div>
                    
                    <a
                      class="hs-left-nav-entry  "
                      href="#!/api/hsDocs/hsDocs.view.MainExample.getCommentDescriptor"
                    >
                      getCommentDescriptor
                    </a>
                  </div>
                  <div>
                    
                    <a
                      class="hs-left-nav-entry  "
                      href="#!/api/hsDocs/hsDocs.view.MainExample.getNewID"
                    >
                      getNewID
                    </a>
                  </div>
                  <div>
                    
                    <a
                      class="hs-left-nav-entry  "
                      href="#!/api/hsDocs/hsDocs.view.MainExample.initDesc"
                    >
                      initDesc
                    </a>
                  </div>
                </div>
              </div>
              <div>
                <div
                  class="hs-left-nav-entries"
                >
                  <div
                    class="hs-left-nav-header"
                  >
                    Object literals
                  </div>
                  <div>
                    
                    <a
                      class="hs-left-nav-entry  "
                      href="#!/api/hsDocs/hsDocs.view.MainExample.modules"
                    >
                      modules
                    </a>
                  </div>
                </div>
              </div>
            </div>
          </div>
          <div
            class="hs-collapsible  hs-left-nav-module"
          >
            <div
              class="hs-collapsible-title"
            >
              <div
                class="hs-collapsible-pre  hs-collapsible-arrow-right"
              />
              <div>
                <a
                  class="hs-left-nav-module-name "
                  href="#!/api/hsDocs/hsDocs.view.Parts"
                >
                  view.Parts
                </a>
              </div>
              <div />
            </div>
            <div
              class="hs-collapsible-content "
            >
              <div>
                
              </div>
              <div>
                <div
                  class="hs-left-nav-entries"
                >
                  <div
                    class="hs-left-nav-header"
                  >
                    Functions
                  </div>
                  <div>
                    
                    <a
                      class="hs-left-nav-entry   hs-left-nav-exported"
                      href="#!/api/hsDocs/hsDocs.view.Parts.kindString"
                    >
                      kindString
                    </a>
                  </div>
                  <div>
                    
                    <a
                      class="hs-left-nav-entry   hs-left-nav-exported"
                      href="#!/api/hsDocs/hsDocs.view.Parts.defaultVal"
                    >
                      defaultVal
                    </a>
                  </div>
                  <div>
                    
                    <a
                      class="hs-left-nav-entry   hs-left-nav-exported"
                      href="#!/api/hsDocs/hsDocs.view.Parts.extensionOf"
                    >
                      extensionOf
                    </a>
                  </div>
                  <div>
                    
                    <a
                      class="hs-left-nav-entry   hs-left-nav-exported"
                      href="#!/api/hsDocs/hsDocs.view.Parts.flags"
                    >
                      flags
                    </a>
                  </div>
                  <div>
                    
                    <a
                      class="hs-left-nav-entry   hs-left-nav-exported"
                      href="#!/api/hsDocs/hsDocs.view.Parts.inheritedFrom"
                    >
                      inheritedFrom
                    </a>
                  </div>
                  <div>
                    
                    <a
                      class="hs-left-nav-entry   hs-left-nav-exported"
                      href="#!/api/hsDocs/hsDocs.view.Parts.itemName"
                    >
                      itemName
                    </a>
                  </div>
                  <div>
                    
                    <a
                      class="hs-left-nav-entry   hs-left-nav-exported"
                      href="#!/api/hsDocs/hsDocs.view.Parts.itemTooltip"
                    >
                      itemTooltip
                    </a>
                  </div>
                  <div>
                    
                    <a
                      class="hs-left-nav-entry   hs-left-nav-exported"
                      href="#!/api/hsDocs/hsDocs.view.Parts.libLink"
                    >
                      libLink
                    </a>
                  </div>
                  <div>
                    
                    <a
                      class="hs-left-nav-entry   hs-left-nav-exported"
                      href="#!/api/hsDocs/hsDocs.view.Parts.makeID"
                    >
                      makeID
                    </a>
                  </div>
                  <div>
                    
                    <a
                      class="hs-left-nav-entry   hs-left-nav-exported"
                      href="#!/api/hsDocs/hsDocs.view.Parts.signature"
                    >
                      signature
                    </a>
                  </div>
                  <div>
                    
                    <a
                      class="hs-left-nav-entry   hs-left-nav-exported"
                      href="#!/api/hsDocs/hsDocs.view.Parts.sourceLink"
                    >
                      sourceLink
                    </a>
                  </div>
                  <div>
                    
                    <a
                      class="hs-left-nav-entry   hs-left-nav-exported"
                      href="#!/api/hsDocs/hsDocs.view.Parts.type"
                    >
                      type
                    </a>
                  </div>
                </div>
              </div>
            </div>
          </div>
          <div
            class="hs-collapsible  hs-left-nav-module"
          >
            <div
              class="hs-collapsible-title"
            >
              <div
                class="hs-collapsible-pre  hs-collapsible-arrow-right"
              />
              <div>
                <a
                  class="hs-left-nav-module-name "
                  href="#!/api/hsDocs/hsDocs.view.Tooltip"
                >
                  view.Tooltip
                </a>
              </div>
              <div />
            </div>
            <div
              class="hs-collapsible-content "
            >
              <div>
                <div
                  class="hs-left-nav-entries"
                >
                  <div
                    class="hs-left-nav-header"
                  >
                    Functions
                  </div>
                  <div>
                    
                    <a
                      class="hs-left-nav-entry   hs-left-nav-exported"
                      href="#!/api/hsDocs/hsDocs.view.Tooltip.tooltip"
                    >
                      tooltip
                    </a>
                  </div>
                </div>
              </div>
            </div>
          </div>
        </div>
      </div>
    </div>
  </div>
</body>
`;
