// Jest Snapshot v1, https://goo.gl/fbAQLP

exports[`LeftNav overview matches snapshot 1`] = `
<body>
  <div
    class="hs_left"
    field="0"
    lib="hsDocs"
  >
    <div
      class="hs_left_nav"
    >
      <div
        class="hs_left_nav-content"
      >
        <div
          class="hs_left_nav-header"
        >
          Modules
        </div>
        <div
          class="hs_collapsible  hs_left_nav_module"
        >
          <div
            class="hs_collapsible_title"
          >
            <div
              class="hs_collapsible_pre  hs_collapsible_arrow_right"
            />
            <div>
              <a
                class="hs_left_nav_module_name"
                href="#!/api/hsDocs/hsDocs.DocSets"
              >
                DocSets
              </a>
            </div>
          </div>
          <div
            class="hs_collapsible_content hs_scrolly"
            style="max-height: 0; transition: max-height 0.25s ease-in-out;"
          />
        </div>
        <div
          class="hs_collapsible  hs_left_nav_module"
        >
          <div
            class="hs_collapsible_title"
          >
            <div
              class="hs_collapsible_pre  hs_collapsible_arrow_right"
            />
            <div>
              <a
                class="hs_left_nav_module_name"
                href="#!/api/hsDocs/hsDocs.Flags"
              >
                Flags
              </a>
            </div>
          </div>
          <div
            class="hs_collapsible_content hs_scrolly"
            style="max-height: 0; transition: max-height 0.25s ease-in-out;"
          />
        </div>
        <div
          class="hs_collapsible  hs_left_nav_module"
        >
          <div
            class="hs_collapsible_title"
          >
            <div
              class="hs_collapsible_pre  hs_collapsible_arrow_right"
            />
            <div>
              <a
                class="hs_left_nav_module_name"
                href="#!/api/hsDocs/hsDocs.Nodes"
              >
                Nodes
              </a>
            </div>
          </div>
          <div
            class="hs_collapsible_content hs_scrolly"
            style="max-height: 0; transition: max-height 0.25s ease-in-out;"
          />
        </div>
        <div
          class="hs_collapsible  hs_left_nav_module"
        >
          <div
            class="hs_collapsible_title"
          >
            <div
              class="hs_collapsible_pre  hs_collapsible_arrow_right"
            />
            <div>
              <a
                class="hs_left_nav_module_name"
                href="#!/api/hsDocs/hsDocs.NodesDisplay"
              >
                NodesDisplay
              </a>
            </div>
          </div>
          <div
            class="hs_collapsible_content hs_scrolly"
            style="max-height: 0; transition: max-height 0.25s ease-in-out;"
          />
        </div>
        <div
          class="hs_collapsible  hs_left_nav_module"
        >
          <div
            class="hs_collapsible_title"
          >
            <div
              class="hs_collapsible_pre  hs_collapsible_arrow_right"
            />
            <div>
              <a
                class="hs_left_nav_module_name"
                href="#!/api/hsDocs/hsDocs.Site"
              >
                Site
              </a>
            </div>
          </div>
          <div
            class="hs_collapsible_content hs_scrolly"
            style="max-height: 0; transition: max-height 0.25s ease-in-out;"
          />
        </div>
        <div
          class="hs_collapsible  hs_left_nav_module"
        >
          <div
            class="hs_collapsible_title"
          >
            <div
              class="hs_collapsible_pre  hs_collapsible_arrow_right"
            />
            <div>
              <a
                class="hs_left_nav_module_name"
                href="#!/api/hsDocs/hsDocs.Types"
              >
                Types
              </a>
            </div>
          </div>
          <div
            class="hs_collapsible_content hs_scrolly"
            style="max-height: 0; transition: max-height 0.25s ease-in-out;"
          />
        </div>
        <div
          class="hs_collapsible  hs_left_nav_module"
        >
          <div
            class="hs_collapsible_title"
          >
            <div
              class="hs_collapsible_pre  hs_collapsible_arrow_right"
            />
            <div>
              <a
                class="hs_left_nav_module_name"
                href="#!/api/hsDocs/hsDocs.markdown"
              >
                markdown
              </a>
            </div>
          </div>
          <div
            class="hs_collapsible_content hs_scrolly"
            style="max-height: 0; transition: max-height 0.25s ease-in-out;"
          />
        </div>
        <div
          class="hs_collapsible  hs_left_nav_module"
        >
          <div
            class="hs_collapsible_title"
          >
            <div
              class="hs_collapsible_pre  hs_collapsible_arrow_right"
            />
            <div>
              <a
                class="hs_left_nav_module_name"
                href="#!/api/hsDocs/hsDocs.view.DocsMenu"
              >
                view.DocsMenu
              </a>
            </div>
          </div>
          <div
            class="hs_collapsible_content hs_scrolly"
            style="max-height: 0; transition: max-height 0.25s ease-in-out;"
          />
        </div>
        <div
          class="hs_collapsible  hs_left_nav_module"
        >
          <div
            class="hs_collapsible_title"
          >
            <div
              class="hs_collapsible_pre  hs_collapsible_arrow_right"
            />
            <div>
              <a
                class="hs_left_nav_module_name"
                href="#!/api/hsDocs/hsDocs.view.LeftNav"
              >
                view.LeftNav
              </a>
            </div>
          </div>
          <div
            class="hs_collapsible_content hs_scrolly"
            style="max-height: 0; transition: max-height 0.25s ease-in-out;"
          />
        </div>
        <div
          class="hs_collapsible  hs_left_nav_module"
        >
          <div
            class="hs_collapsible_title"
          >
            <div
              class="hs_collapsible_pre  hs_collapsible_arrow_right"
            />
            <div>
              <a
                class="hs_left_nav_module_name"
                href="#!/api/hsDocs/hsDocs.view.MainDetail"
              >
                view.MainDetail
              </a>
            </div>
          </div>
          <div
            class="hs_collapsible_content hs_scrolly"
            style="max-height: 0; transition: max-height 0.25s ease-in-out;"
          />
        </div>
        <div
          class="hs_collapsible  hs_left_nav_module"
        >
          <div
            class="hs_collapsible_title"
          >
            <div
              class="hs_collapsible_pre  hs_collapsible_arrow_right"
            />
            <div>
              <a
                class="hs_left_nav_module_name"
                href="#!/api/hsDocs/hsDocs.view.MainExample"
              >
                view.MainExample
              </a>
            </div>
          </div>
          <div
            class="hs_collapsible_content hs_scrolly"
            style="max-height: 0; transition: max-height 0.25s ease-in-out;"
          />
        </div>
        <div
          class="hs_collapsible  hs_left_nav_module"
        >
          <div
            class="hs_collapsible_title"
          >
            <div
              class="hs_collapsible_pre  hs_collapsible_arrow_right"
            />
            <div>
              <a
                class="hs_left_nav_module_name"
                href="#!/api/hsDocs/hsDocs.view.Tooltip"
              >
                view.Tooltip
              </a>
            </div>
          </div>
          <div
            class="hs_collapsible_content hs_scrolly"
            style="max-height: 0; transition: max-height 0.25s ease-in-out;"
          />
        </div>
      </div>
    </div>
  </div>
</body>
`;
