// Jest Snapshot v1, https://goo.gl/fbAQLP

exports[`LeftNav overview matches snapshot 1`] = `
<body>
  <div
    class="hs-layout  "
  >
    <div
      class="hs-left"
    >
      <div
        class="hs-left-nav"
      >
        <div
          class="hs-left-nav-content"
        >
          <div
            class="hs-left-nav-header"
          >
            Modules
          </div>
          <div
            class="hs-collapsible  hs-left-nav-module"
          >
            <div
              class="hs-collapsible-title"
            >
              <div
                class="hs-collapsible-pre  hs-collapsible-arrow-right"
              />
              <div>
                <a
                  class="hs-left-nav-module-name"
                  href="#!/api/hsDocs/hsDocs.DocSets"
                >
                  DocSets
                </a>
              </div>
            </div>
            <div
              class="hs-collapsible-content "
            >
              <div>
                <div
                  class="hs-left-nav-entries"
                >
                  <div
                    class="hs-left-nav-header"
                  >
                    Classes
                  </div>
                  <div>
                    
                    <a
                      class="hs-left-nav-entry   hs-left-nav-exported"
                      href="#!/api/hsDocs/hsDocs.DocSets.DocSets"
                    >
                      DocSets
                    </a>
                  </div>
                </div>
              </div>
              <div>
                <div
                  class="hs-left-nav-entries"
                >
                  <div
                    class="hs-left-nav-header"
                  >
                    Type aliases
                  </div>
                  <div>
                    
                    <a
                      class="hs-left-nav-entry   hs-left-nav-exported"
                      href="#!/api/hsDocs/hsDocs.DocSets.json"
                    >
                      json
                    </a>
                  </div>
                </div>
              </div>
              <div>
                
              </div>
              <div>
                <div
                  class="hs-left-nav-entries"
                >
                  <div
                    class="hs-left-nav-header"
                  >
                    Functions
                  </div>
                  <div>
                    
                    <a
                      class="hs-left-nav-entry  "
                      href="#!/api/hsDocs/hsDocs.DocSets.loadDocSet"
                    >
                      loadDocSet
                    </a>
                  </div>
                  <div>
                    
                    <a
                      class="hs-left-nav-entry  "
                      href="#!/api/hsDocs/hsDocs.DocSets.matchAll"
                    >
                      matchAll
                    </a>
                  </div>
                </div>
              </div>
            </div>
          </div>
          <div
            class="hs-collapsible  hs-left-nav-module"
          >
            <div
              class="hs-collapsible-title"
            >
              <div
                class="hs-collapsible-pre  hs-collapsible-arrow-right"
              />
              <div>
                <a
                  class="hs-left-nav-module-name"
                  href="#!/api/hsDocs/hsDocs.Flags"
                >
                  Flags
                </a>
              </div>
            </div>
            <div
              class="hs-collapsible-content "
            >
              <div>
                <div
                  class="hs-left-nav-entries"
                >
                  <div
                    class="hs-left-nav-header"
                  >
                    Interfaces
                  </div>
                  <div>
                    
                    <a
                      class="hs-left-nav-entry   hs-left-nav-exported"
                      href="#!/api/hsDocs/hsDocs.Flags.Flags"
                    >
                      Flags
                    </a>
                  </div>
                </div>
              </div>
              <div>
                <div
                  class="hs-left-nav-entries"
                >
                  <div
                    class="hs-left-nav-header"
                  >
                    Variables
                  </div>
                  <div>
                    
                    <a
                      class="hs-left-nav-entry   hs-left-nav-exported"
                      href="#!/api/hsDocs/hsDocs.Flags.flagsNone"
                    >
                      flagsNone
                    </a>
                  </div>
                </div>
              </div>
              <div>
                <div
                  class="hs-left-nav-entries"
                >
                  <div
                    class="hs-left-nav-header"
                  >
                    Functions
                  </div>
                  <div>
                    
                    <a
                      class="hs-left-nav-entry   hs-left-nav-exported"
                      href="#!/api/hsDocs/hsDocs.Flags.flagsClass"
                    >
                      flagsClass
                    </a>
                  </div>
                  <div>
                    
                    <a
                      class="hs-left-nav-entry   hs-left-nav-exported"
                      href="#!/api/hsDocs/hsDocs.Flags.flagsConstLet"
                    >
                      flagsConstLet
                    </a>
                  </div>
                  <div>
                    
                    <a
                      class="hs-left-nav-entry   hs-left-nav-exported"
                      href="#!/api/hsDocs/hsDocs.Flags.flagsDisplay"
                    >
                      flagsDisplay
                    </a>
                  </div>
                  <div>
                    
                    <a
                      class="hs-left-nav-entry   hs-left-nav-exported"
                      href="#!/api/hsDocs/hsDocs.Flags.flagsExported"
                    >
                      flagsExported
                    </a>
                  </div>
                  <div>
                    
                    <a
                      class="hs-left-nav-entry   hs-left-nav-exported"
                      href="#!/api/hsDocs/hsDocs.Flags.flagsPublic"
                    >
                      flagsPublic
                    </a>
                  </div>
                </div>
              </div>
            </div>
          </div>
          <div
            class="hs-collapsible  hs-left-nav-module"
          >
            <div
              class="hs-collapsible-title"
            >
              <div
                class="hs-collapsible-pre  hs-collapsible-arrow-right"
              />
              <div>
                <a
                  class="hs-left-nav-module-name"
                  href="#!/api/hsDocs/hsDocs.Nodes"
                >
                  Nodes
                </a>
              </div>
            </div>
            <div
              class="hs-collapsible-content "
            >
              <div>
                <div
                  class="hs-left-nav-entries"
                >
                  <div
                    class="hs-left-nav-header"
                  >
                    Classes
                  </div>
                  <div>
                    
                    <a
                      class="hs-left-nav-entry   hs-left-nav-exported"
                      href="#!/api/hsDocs/hsDocs.Nodes.DocsBaseNode"
                    >
                      DocsBaseNode
                    </a>
                  </div>
                  <div>
                    
                    <a
                      class="hs-left-nav-entry   hs-left-nav-exported"
                      href="#!/api/hsDocs/hsDocs.Nodes.DocsGetSignature"
                    >
                      DocsGetSignature
                    </a>
                  </div>
                  <div>
                    
                    <a
                      class="hs-left-nav-entry   hs-left-nav-exported"
                      href="#!/api/hsDocs/hsDocs.Nodes.DocsIndexSignature"
                    >
                      DocsIndexSignature
                    </a>
                  </div>
                  <div>
                    
                    <a
                      class="hs-left-nav-entry   hs-left-nav-exported"
                      href="#!/api/hsDocs/hsDocs.Nodes.DocsNode"
                    >
                      DocsNode
                    </a>
                  </div>
                  <div>
                    
                    <a
                      class="hs-left-nav-entry   hs-left-nav-exported"
                      href="#!/api/hsDocs/hsDocs.Nodes.DocsParameter"
                    >
                      DocsParameter
                    </a>
                  </div>
                  <div>
                    
                    <a
                      class="hs-left-nav-entry   hs-left-nav-exported"
                      href="#!/api/hsDocs/hsDocs.Nodes.DocsSetSignature"
                    >
                      DocsSetSignature
                    </a>
                  </div>
                  <div>
                    
                    <a
                      class="hs-left-nav-entry  "
                      href="#!/api/hsDocs/hsDocs.Nodes.DocsAccessors"
                    >
                      DocsAccessors
                    </a>
                  </div>
                  <div>
                    
                    <a
                      class="hs-left-nav-entry  "
                      href="#!/api/hsDocs/hsDocs.Nodes.DocsCallSignature"
                    >
                      DocsCallSignature
                    </a>
                  </div>
                  <div>
                    
                    <a
                      class="hs-left-nav-entry  "
                      href="#!/api/hsDocs/hsDocs.Nodes.DocsClass"
                    >
                      DocsClass
                    </a>
                  </div>
                  <div>
                    
                    <a
                      class="hs-left-nav-entry  "
                      href="#!/api/hsDocs/hsDocs.Nodes.DocsConstructor"
                    >
                      DocsConstructor
                    </a>
                  </div>
                  <div>
                    
                    <a
                      class="hs-left-nav-entry  "
                      href="#!/api/hsDocs/hsDocs.Nodes.DocsConstructorSignature"
                    >
                      DocsConstructorSignature
                    </a>
                  </div>
                  <div>
                    
                    <a
                      class="hs-left-nav-entry  "
                      href="#!/api/hsDocs/hsDocs.Nodes.DocsEnumeration"
                    >
                      DocsEnumeration
                    </a>
                  </div>
                  <div>
                    
                    <a
                      class="hs-left-nav-entry  "
                      href="#!/api/hsDocs/hsDocs.Nodes.DocsEnumerationMember"
                    >
                      DocsEnumerationMember
                    </a>
                  </div>
                  <div>
                    
                    <a
                      class="hs-left-nav-entry  "
                      href="#!/api/hsDocs/hsDocs.Nodes.DocsExternalModule"
                    >
                      DocsExternalModule
                    </a>
                  </div>
                  <div>
                    
                    <a
                      class="hs-left-nav-entry  "
                      href="#!/api/hsDocs/hsDocs.Nodes.DocsFunction"
                    >
                      DocsFunction
                    </a>
                  </div>
                  <div>
                    
                    <a
                      class="hs-left-nav-entry  "
                      href="#!/api/hsDocs/hsDocs.Nodes.DocsInterface"
                    >
                      DocsInterface
                    </a>
                  </div>
                  <div>
                    
                    <a
                      class="hs-left-nav-entry  "
                      href="#!/api/hsDocs/hsDocs.Nodes.DocsMethod"
                    >
                      DocsMethod
                    </a>
                  </div>
                  <div>
                    
                    <a
                      class="hs-left-nav-entry  "
                      href="#!/api/hsDocs/hsDocs.Nodes.DocsModule"
                    >
                      DocsModule
                    </a>
                  </div>
                  <div>
                    
                    <a
                      class="hs-left-nav-entry  "
                      href="#!/api/hsDocs/hsDocs.Nodes.DocsObjectLiteral"
                    >
                      DocsObjectLiteral
                    </a>
                  </div>
                  <div>
                    
                    <a
                      class="hs-left-nav-entry  "
                      href="#!/api/hsDocs/hsDocs.Nodes.DocsProperty"
                    >
                      DocsProperty
                    </a>
                  </div>
                  <div>
                    
                    <a
                      class="hs-left-nav-entry  "
                      href="#!/api/hsDocs/hsDocs.Nodes.DocsRoot"
                    >
                      DocsRoot
                    </a>
                  </div>
                  <div>
                    
                    <a
                      class="hs-left-nav-entry  "
                      href="#!/api/hsDocs/hsDocs.Nodes.DocsSourced"
                    >
                      DocsSourced
                    </a>
                  </div>
                  <div>
                    
                    <a
                      class="hs-left-nav-entry  "
                      href="#!/api/hsDocs/hsDocs.Nodes.DocsStructured"
                    >
                      DocsStructured
                    </a>
                  </div>
                  <div>
                    
                    <a
                      class="hs-left-nav-entry  "
                      href="#!/api/hsDocs/hsDocs.Nodes.DocsTypeAlias"
                    >
                      DocsTypeAlias
                    </a>
                  </div>
                  <div>
                    
                    <a
                      class="hs-left-nav-entry  "
                      href="#!/api/hsDocs/hsDocs.Nodes.DocsTypeLiteral"
                    >
                      DocsTypeLiteral
                    </a>
                  </div>
                  <div>
                    
                    <a
                      class="hs-left-nav-entry  "
                      href="#!/api/hsDocs/hsDocs.Nodes.DocsTypeParameter"
                    >
                      DocsTypeParameter
                    </a>
                  </div>
                  <div>
                    
                    <a
                      class="hs-left-nav-entry  "
                      href="#!/api/hsDocs/hsDocs.Nodes.DocsUnknown"
                    >
                      DocsUnknown
                    </a>
                  </div>
                  <div>
                    
                    <a
                      class="hs-left-nav-entry  "
                      href="#!/api/hsDocs/hsDocs.Nodes.DocsVariable"
                    >
                      DocsVariable
                    </a>
                  </div>
                  <div>
                    
                    <a
                      class="hs-left-nav-entry  "
                      href="#!/api/hsDocs/hsDocs.Nodes.DocsWithDefault"
                    >
                      DocsWithDefault
                    </a>
                  </div>
                </div>
              </div>
              <div>
                <div
                  class="hs-left-nav-entries"
                >
                  <div
                    class="hs-left-nav-header"
                  >
                    Interfaces
                  </div>
                  <div>
                    
                    <a
                      class="hs-left-nav-entry   hs-left-nav-exported"
                      href="#!/api/hsDocs/hsDocs.Nodes.DocsGroup"
                    >
                      DocsGroup
                    </a>
                  </div>
                  <div>
                    
                    <a
                      class="hs-left-nav-entry   hs-left-nav-exported"
                      href="#!/api/hsDocs/hsDocs.Nodes.DocsParamaterized"
                    >
                      DocsParamaterized
                    </a>
                  </div>
                  <div>
                    
                    <a
                      class="hs-left-nav-entry   hs-left-nav-exported"
                      href="#!/api/hsDocs/hsDocs.Nodes.DocsSignature"
                    >
                      DocsSignature
                    </a>
                  </div>
                  <div>
                    
                    <a
                      class="hs-left-nav-entry   hs-left-nav-exported"
                      href="#!/api/hsDocs/hsDocs.Nodes.DocsSource"
                    >
                      DocsSource
                    </a>
                  </div>
                </div>
              </div>
              <div>
                
              </div>
              <div>
                <div
                  class="hs-left-nav-entries"
                >
                  <div
                    class="hs-left-nav-header"
                  >
                    Functions
                  </div>
                  <div>
                    
                    <a
                      class="hs-left-nav-entry  "
                      href="#!/api/hsDocs/hsDocs.Nodes.isExpected"
                    >
                      isExpected
                    </a>
                  </div>
                  <div>
                    
                    <a
                      class="hs-left-nav-entry  "
                      href="#!/api/hsDocs/hsDocs.Nodes.isNotIgnored"
                    >
                      isNotIgnored
                    </a>
                  </div>
                </div>
              </div>
              <div>
                <div
                  class="hs-left-nav-entries"
                >
                  <div
                    class="hs-left-nav-header"
                  >
                    Object literals
                  </div>
                  <div>
                    
                    <a
                      class="hs-left-nav-entry   hs-left-nav-exported"
                      href="#!/api/hsDocs/hsDocs.Nodes.groupKindTitle"
                    >
                      groupKindTitle
                    </a>
                  </div>
                </div>
              </div>
            </div>
          </div>
          <div
            class="hs-collapsible  hs-left-nav-module"
          >
            <div
              class="hs-collapsible-title"
            >
              <div
                class="hs-collapsible-pre  hs-collapsible-arrow-right"
              />
              <div>
                <a
                  class="hs-left-nav-module-name"
                  href="#!/api/hsDocs/hsDocs.NodesDisplay"
                >
                  NodesDisplay
                </a>
              </div>
            </div>
            <div
              class="hs-collapsible-content "
            >
              <div>
                <div
                  class="hs-left-nav-entries"
                >
                  <div
                    class="hs-left-nav-header"
                  >
                    Classes
                  </div>
                  <div>
                    
                    <a
                      class="hs-left-nav-entry   hs-left-nav-exported"
                      href="#!/api/hsDocs/hsDocs.NodesDisplay.DocsComment"
                    >
                      DocsComment
                    </a>
                  </div>
                </div>
              </div>
              <div>
                <div
                  class="hs-left-nav-entries"
                >
                  <div
                    class="hs-left-nav-header"
                  >
                    Interfaces
                  </div>
                  <div>
                    
                    <a
                      class="hs-left-nav-entry  "
                      href="#!/api/hsDocs/hsDocs.NodesDisplay.Access"
                    >
                      Access
                    </a>
                  </div>
                  <div>
                    
                    <a
                      class="hs-left-nav-entry  "
                      href="#!/api/hsDocs/hsDocs.NodesDisplay.Tag"
                    >
                      Tag
                    </a>
                  </div>
                  <div>
                    
                    <a
                      class="hs-left-nav-entry  "
                      href="#!/api/hsDocs/hsDocs.NodesDisplay.TestFunction"
                    >
                      TestFunction
                    </a>
                  </div>
                </div>
              </div>
              <div>
                
              </div>
              <div>
                <div
                  class="hs-left-nav-entries"
                >
                  <div
                    class="hs-left-nav-header"
                  >
                    Functions
                  </div>
                  <div>
                    
                    <a
                      class="hs-left-nav-entry   hs-left-nav-exported"
                      href="#!/api/hsDocs/hsDocs.NodesDisplay.commentLong"
                    >
                      commentLong
                    </a>
                  </div>
                  <div>
                    
                    <a
                      class="hs-left-nav-entry   hs-left-nav-exported"
                      href="#!/api/hsDocs/hsDocs.NodesDisplay.inlineTitle"
                    >
                      inlineTitle
                    </a>
                  </div>
                  <div>
                    
                    <a
                      class="hs-left-nav-entry   hs-left-nav-exported"
                      href="#!/api/hsDocs/hsDocs.NodesDisplay.libLinkByPath"
                    >
                      libLinkByPath
                    </a>
                  </div>
                  <div>
                    
                    <a
                      class="hs-left-nav-entry   hs-left-nav-exported"
                      href="#!/api/hsDocs/hsDocs.NodesDisplay.members"
                    >
                      members
                    </a>
                  </div>
                  <div>
                    
                    <a
                      class="hs-left-nav-entry   hs-left-nav-exported"
                      href="#!/api/hsDocs/hsDocs.NodesDisplay.title"
                    >
                      title
                    </a>
                  </div>
                  <div>
                    
                    <a
                      class="hs-left-nav-entry   hs-left-nav-exported"
                      href="#!/api/hsDocs/hsDocs.NodesDisplay.titleArr"
                    >
                      titleArr
                    </a>
                  </div>
                  <div>
                    
                    <a
                      class="hs-left-nav-entry  "
                      href="#!/api/hsDocs/hsDocs.NodesDisplay.getFlagText"
                    >
                      getFlagText
                    </a>
                  </div>
                  <div>
                    
                    <a
                      class="hs-left-nav-entry  "
                      href="#!/api/hsDocs/hsDocs.NodesDisplay.itemChild"
                    >
                      itemChild
                    </a>
                  </div>
                  <div>
                    
                    <a
                      class="hs-left-nav-entry  "
                      href="#!/api/hsDocs/hsDocs.NodesDisplay.libLinkByID"
                    >
                      libLinkByID
                    </a>
                  </div>
                  <div>
                    
                    <a
                      class="hs-left-nav-entry  "
                      href="#!/api/hsDocs/hsDocs.NodesDisplay.mExtendedBy"
                    >
                      mExtendedBy
                    </a>
                  </div>
                  <div>
                    
                    <a
                      class="hs-left-nav-entry  "
                      href="#!/api/hsDocs/hsDocs.NodesDisplay.mExtensionOf"
                    >
                      mExtensionOf
                    </a>
                  </div>
                  <div>
                    
                    <a
                      class="hs-left-nav-entry  "
                      href="#!/api/hsDocs/hsDocs.NodesDisplay.mFlags"
                    >
                      mFlags
                    </a>
                  </div>
                  <div>
                    
                    <a
                      class="hs-left-nav-entry  "
                      href="#!/api/hsDocs/hsDocs.NodesDisplay.mImplementationOf"
                    >
                      mImplementationOf
                    </a>
                  </div>
                  <div>
                    
                    <a
                      class="hs-left-nav-entry  "
                      href="#!/api/hsDocs/hsDocs.NodesDisplay.mImplementedBy"
                    >
                      mImplementedBy
                    </a>
                  </div>
                  <div>
                    
                    <a
                      class="hs-left-nav-entry  "
                      href="#!/api/hsDocs/hsDocs.NodesDisplay.mInheritedFrom"
                    >
                      mInheritedFrom
                    </a>
                  </div>
                  <div>
                    
                    <a
                      class="hs-left-nav-entry  "
                      href="#!/api/hsDocs/hsDocs.NodesDisplay.mItemName"
                    >
                      mItemName
                    </a>
                  </div>
                  <div>
                    
                    <a
                      class="hs-left-nav-entry  "
                      href="#!/api/hsDocs/hsDocs.NodesDisplay.mKindString"
                    >
                      mKindString
                    </a>
                  </div>
                  <div>
                    
                    <a
                      class="hs-left-nav-entry  "
                      href="#!/api/hsDocs/hsDocs.NodesDisplay.mSignature"
                    >
                      mSignature
                    </a>
                  </div>
                  <div>
                    
                    <a
                      class="hs-left-nav-entry  "
                      href="#!/api/hsDocs/hsDocs.NodesDisplay.mSourceLink"
                    >
                      mSourceLink
                    </a>
                  </div>
                  <div>
                    
                    <a
                      class="hs-left-nav-entry  "
                      href="#!/api/hsDocs/hsDocs.NodesDisplay.mType"
                    >
                      mType
                    </a>
                  </div>
                  <div>
                    
                    <a
                      class="hs-left-nav-entry  "
                      href="#!/api/hsDocs/hsDocs.NodesDisplay.member"
                    >
                      member
                    </a>
                  </div>
                  <div>
                    
                    <a
                      class="hs-left-nav-entry  "
                      href="#!/api/hsDocs/hsDocs.NodesDisplay.prettifyCode"
                    >
                      prettifyCode
                    </a>
                  </div>
                </div>
              </div>
            </div>
          </div>
          <div
            class="hs-collapsible  hs-left-nav-module"
          >
            <div
              class="hs-collapsible-title"
            >
              <div
                class="hs-collapsible-pre  hs-collapsible-arrow-right"
              />
              <div>
                <a
                  class="hs-left-nav-module-name"
                  href="#!/api/hsDocs/hsDocs.Site"
                >
                  Site
                </a>
              </div>
            </div>
            <div
              class="hs-collapsible-content "
            >
              <div>
                <div
                  class="hs-left-nav-entries"
                >
                  <div
                    class="hs-left-nav-header"
                  >
                    Functions
                  </div>
                  <div>
                    
                    <a
                      class="hs-left-nav-entry   hs-left-nav-exported"
                      href="#!/api/hsDocs/hsDocs.Site.init"
                    >
                      init
                    </a>
                  </div>
                </div>
              </div>
              <div>
                <div
                  class="hs-left-nav-entries"
                >
                  <div
                    class="hs-left-nav-header"
                  >
                    Object literals
                  </div>
                  <div>
                    
                    <a
                      class="hs-left-nav-entry  "
                      href="#!/api/hsDocs/hsDocs.Site.design"
                    >
                      design
                    </a>
                  </div>
                </div>
              </div>
            </div>
          </div>
          <div
            class="hs-collapsible  hs-left-nav-module"
          >
            <div
              class="hs-collapsible-title"
            >
              <div
                class="hs-collapsible-pre  hs-collapsible-arrow-right"
              />
              <div>
                <a
                  class="hs-left-nav-module-name"
                  href="#!/api/hsDocs/hsDocs.Types"
                >
                  Types
                </a>
              </div>
            </div>
            <div
              class="hs-collapsible-content "
            >
              <div>
                <div
                  class="hs-left-nav-entries"
                >
                  <div
                    class="hs-left-nav-header"
                  >
                    Classes
                  </div>
                  <div>
                    
                    <a
                      class="hs-left-nav-entry   hs-left-nav-exported"
                      href="#!/api/hsDocs/hsDocs.Types.DocsType"
                    >
                      DocsType
                    </a>
                  </div>
                  <div>
                    
                    <a
                      class="hs-left-nav-entry  "
                      href="#!/api/hsDocs/hsDocs.Types.DocsArrayType"
                    >
                      DocsArrayType
                    </a>
                  </div>
                  <div>
                    
                    <a
                      class="hs-left-nav-entry  "
                      href="#!/api/hsDocs/hsDocs.Types.DocsIntrinsicType"
                    >
                      DocsIntrinsicType
                    </a>
                  </div>
                  <div>
                    
                    <a
                      class="hs-left-nav-entry  "
                      href="#!/api/hsDocs/hsDocs.Types.DocsReferenceType"
                    >
                      DocsReferenceType
                    </a>
                  </div>
                  <div>
                    
                    <a
                      class="hs-left-nav-entry  "
                      href="#!/api/hsDocs/hsDocs.Types.DocsReflectionType"
                    >
                      DocsReflectionType
                    </a>
                  </div>
                  <div>
                    
                    <a
                      class="hs-left-nav-entry  "
                      href="#!/api/hsDocs/hsDocs.Types.DocsStringLiteralType"
                    >
                      DocsStringLiteralType
                    </a>
                  </div>
                  <div>
                    
                    <a
                      class="hs-left-nav-entry  "
                      href="#!/api/hsDocs/hsDocs.Types.DocsTupleType"
                    >
                      DocsTupleType
                    </a>
                  </div>
                  <div>
                    
                    <a
                      class="hs-left-nav-entry  "
                      href="#!/api/hsDocs/hsDocs.Types.DocsTypeOperatorType"
                    >
                      DocsTypeOperatorType
                    </a>
                  </div>
                  <div>
                    
                    <a
                      class="hs-left-nav-entry  "
                      href="#!/api/hsDocs/hsDocs.Types.DocsTypeParameterType"
                    >
                      DocsTypeParameterType
                    </a>
                  </div>
                  <div>
                    
                    <a
                      class="hs-left-nav-entry  "
                      href="#!/api/hsDocs/hsDocs.Types.DocsUnionType"
                    >
                      DocsUnionType
                    </a>
                  </div>
                  <div>
                    
                    <a
                      class="hs-left-nav-entry  "
                      href="#!/api/hsDocs/hsDocs.Types.DocsUnknownType"
                    >
                      DocsUnknownType
                    </a>
                  </div>
                </div>
              </div>
              <div>
                <div
                  class="hs-left-nav-entries"
                >
                  <div
                    class="hs-left-nav-header"
                  >
                    Interfaces
                  </div>
                  <div>
                    
                    <a
                      class="hs-left-nav-entry   hs-left-nav-exported"
                      href="#!/api/hsDocs/hsDocs.Types.DocsNamedType"
                    >
                      DocsNamedType
                    </a>
                  </div>
                  <div>
                    
                    <a
                      class="hs-left-nav-entry   hs-left-nav-exported"
                      href="#!/api/hsDocs/hsDocs.Types.DocsReferenceIdType"
                    >
                      DocsReferenceIdType
                    </a>
                  </div>
                  <div>
                    
                    <a
                      class="hs-left-nav-entry  "
                      href="#!/api/hsDocs/hsDocs.Types.DocsGenericType"
                    >
                      DocsGenericType
                    </a>
                  </div>
                </div>
              </div>
              <div>
                
              </div>
            </div>
          </div>
          <div
            class="hs-collapsible  hs-left-nav-module"
          >
            <div
              class="hs-collapsible-title"
            >
              <div
                class="hs-collapsible-pre  hs-collapsible-arrow-right"
              />
              <div>
                <a
                  class="hs-left-nav-module-name"
                  href="#!/api/hsDocs/hsDocs.markdown"
                >
                  markdown
                </a>
              </div>
            </div>
            <div
              class="hs-collapsible-content "
            >
              <div>
                
              </div>
              <div>
                <div
                  class="hs-left-nav-entries"
                >
                  <div
                    class="hs-left-nav-header"
                  >
                    Functions
                  </div>
                  <div>
                    
                    <a
                      class="hs-left-nav-entry   hs-left-nav-exported"
                      href="#!/api/hsDocs/hsDocs.markdown.markDown"
                    >
                      markDown
                    </a>
                  </div>
                  <div>
                    
                    <a
                      class="hs-left-nav-entry  "
                      href="#!/api/hsDocs/hsDocs.markdown.substituteLinks"
                    >
                      substituteLinks
                    </a>
                  </div>
                </div>
              </div>
            </div>
          </div>
          <div
            class="hs-collapsible  hs-left-nav-module"
          >
            <div
              class="hs-collapsible-title"
            >
              <div
                class="hs-collapsible-pre  hs-collapsible-arrow-right"
              />
              <div>
                <a
                  class="hs-left-nav-module-name"
                  href="#!/api/hsDocs/hsDocs.view.DocsMenu"
                >
                  view.DocsMenu
                </a>
              </div>
            </div>
            <div
              class="hs-collapsible-content "
            >
              <div>
                <div
                  class="hs-left-nav-entries"
                >
                  <div
                    class="hs-left-nav-header"
                  >
                    Classes
                  </div>
                  <div>
                    
                    <a
                      class="hs-left-nav-entry   hs-left-nav-exported"
                      href="#!/api/hsDocs/hsDocs.view.DocsMenu.DocsMenu"
                    >
                      DocsMenu
                    </a>
                  </div>
                </div>
              </div>
              <div>
                
              </div>
            </div>
          </div>
          <div
            class="hs-collapsible  hs-left-nav-module"
          >
            <div
              class="hs-collapsible-title"
            >
              <div
                class="hs-collapsible-pre  hs-collapsible-arrow-right"
              />
              <div>
                <a
                  class="hs-left-nav-module-name"
                  href="#!/api/hsDocs/hsDocs.view.LeftNav"
                >
                  view.LeftNav
                </a>
              </div>
            </div>
            <div
              class="hs-collapsible-content "
            >
              <div>
                <div
                  class="hs-left-nav-entries"
                >
                  <div
                    class="hs-left-nav-header"
                  >
                    Classes
                  </div>
                  <div>
                    
                    <a
                      class="hs-left-nav-entry   hs-left-nav-exported"
                      href="#!/api/hsDocs/hsDocs.view.LeftNav.LeftNav"
                    >
                      LeftNav
                    </a>
                  </div>
                </div>
              </div>
              <div>
                <div
                  class="hs-left-nav-entries"
                >
                  <div
                    class="hs-left-nav-header"
                  >
                    Functions
                  </div>
                  <div>
                    
                    <a
                      class="hs-left-nav-entry  "
                      href="#!/api/hsDocs/hsDocs.view.LeftNav.entries"
                    >
                      entries
                    </a>
                  </div>
                  <div>
                    
                    <a
                      class="hs-left-nav-entry  "
                      href="#!/api/hsDocs/hsDocs.view.LeftNav.exportAscending"
                    >
                      exportAscending
                    </a>
                  </div>
                  <div>
                    
                    <a
                      class="hs-left-nav-entry  "
                      href="#!/api/hsDocs/hsDocs.view.LeftNav.navList"
                    >
                      navList
                    </a>
                  </div>
                </div>
              </div>
              <div>
                <div
                  class="hs-left-nav-entries"
                >
                  <div
                    class="hs-left-nav-header"
                  >
                    Object literals
                  </div>
                  <div>
                    
                    <a
                      class="hs-left-nav-entry  "
                      href="#!/api/hsDocs/hsDocs.view.LeftNav.ignoreModules"
                    >
                      ignoreModules
                    </a>
                  </div>
                </div>
              </div>
            </div>
          </div>
          <div
            class="hs-collapsible  hs-left-nav-module"
          >
            <div
              class="hs-collapsible-title"
            >
              <div
                class="hs-collapsible-pre  hs-collapsible-arrow-right"
              />
              <div>
                <a
                  class="hs-left-nav-module-name"
                  href="#!/api/hsDocs/hsDocs.view.MainDetail"
                >
                  view.MainDetail
                </a>
              </div>
            </div>
            <div
              class="hs-collapsible-content "
            >
              <div>
                <div
                  class="hs-left-nav-entries"
                >
                  <div
                    class="hs-left-nav-header"
                  >
                    Classes
                  </div>
                  <div>
                    
                    <a
                      class="hs-left-nav-entry   hs-left-nav-exported"
                      href="#!/api/hsDocs/hsDocs.view.MainDetail.MainDetail"
                    >
                      MainDetail
                    </a>
                  </div>
                </div>
              </div>
              <div>
                
              </div>
              <div>
                <div
                  class="hs-left-nav-entries"
                >
                  <div
                    class="hs-left-nav-header"
                  >
                    Functions
                  </div>
                  <div>
                    
                    <a
                      class="hs-left-nav-entry  "
                      href="#!/api/hsDocs/hsDocs.view.MainDetail.getOverview"
                    >
                      getOverview
                    </a>
                  </div>
                  <div>
                    
                    <a
                      class="hs-left-nav-entry  "
                      href="#!/api/hsDocs/hsDocs.view.MainDetail.itemDoc"
                    >
                      itemDoc
                    </a>
                  </div>
                </div>
              </div>
            </div>
          </div>
          <div
            class="hs-collapsible  hs-left-nav-module"
          >
            <div
              class="hs-collapsible-title"
            >
              <div
                class="hs-collapsible-pre  hs-collapsible-arrow-right"
              />
              <div>
                <a
                  class="hs-left-nav-module-name"
                  href="#!/api/hsDocs/hsDocs.view.MainExample"
                >
                  view.MainExample
                </a>
              </div>
            </div>
            <div
              class="hs-collapsible-content "
            >
              <div>
                <div
                  class="hs-left-nav-entries"
                >
                  <div
                    class="hs-left-nav-header"
                  >
                    Interfaces
                  </div>
                  <div>
                    
                    <a
                      class="hs-left-nav-entry  "
                      href="#!/api/hsDocs/hsDocs.view.MainExample.Attribute"
                    >
                      Attribute
                    </a>
                  </div>
                  <div>
                    
                    <a
                      class="hs-left-nav-entry  "
                      href="#!/api/hsDocs/hsDocs.view.MainExample.CommentDescriptor"
                    >
                      CommentDescriptor
                    </a>
                  </div>
                </div>
              </div>
              <div>
                
              </div>
              <div>
                <div
                  class="hs-left-nav-entries"
                >
                  <div
                    class="hs-left-nav-header"
                  >
                    Functions
                  </div>
                  <div>
                    
                    <a
                      class="hs-left-nav-entry   hs-left-nav-exported"
                      href="#!/api/hsDocs/hsDocs.view.MainExample.example"
                    >
                      example
                    </a>
                  </div>
                  <div>
                    
                    <a
                      class="hs-left-nav-entry  "
                      href="#!/api/hsDocs/hsDocs.view.MainExample.addExampleStructure"
                    >
                      addExampleStructure
                    </a>
                  </div>
                  <div>
                    
                    <a
                      class="hs-left-nav-entry  "
                      href="#!/api/hsDocs/hsDocs.view.MainExample.createExecuteScript"
                    >
                      createExecuteScript
                    </a>
                  </div>
                  <div>
                    
                    <a
                      class="hs-left-nav-entry  "
                      href="#!/api/hsDocs/hsDocs.view.MainExample.executeError"
                    >
                      executeError
                    </a>
                  </div>
                  <div>
                    
                    <a
                      class="hs-left-nav-entry  "
                      href="#!/api/hsDocs/hsDocs.view.MainExample.executeScript"
                    >
                      executeScript
                    </a>
                  </div>
                  <div>
                    
                    <a
                      class="hs-left-nav-entry  "
                      href="#!/api/hsDocs/hsDocs.view.MainExample.findTokens"
                    >
                      findTokens
                    </a>
                  </div>
                  <div>
                    
                    <a
                      class="hs-left-nav-entry  "
                      href="#!/api/hsDocs/hsDocs.view.MainExample.getCommentDescriptor"
                    >
                      getCommentDescriptor
                    </a>
                  </div>
                  <div>
                    
                    <a
                      class="hs-left-nav-entry  "
                      href="#!/api/hsDocs/hsDocs.view.MainExample.getNewID"
                    >
                      getNewID
                    </a>
                  </div>
                  <div>
                    
                    <a
                      class="hs-left-nav-entry  "
                      href="#!/api/hsDocs/hsDocs.view.MainExample.initDesc"
                    >
                      initDesc
                    </a>
                  </div>
                  <div>
                    
                    <a
                      class="hs-left-nav-entry  "
                      href="#!/api/hsDocs/hsDocs.view.MainExample.loadScript"
                    >
                      loadScript
                    </a>
                  </div>
                </div>
              </div>
              <div>
                <div
                  class="hs-left-nav-entries"
                >
                  <div
                    class="hs-left-nav-header"
                  >
                    Object literals
                  </div>
                  <div>
                    
                    <a
                      class="hs-left-nav-entry  "
                      href="#!/api/hsDocs/hsDocs.view.MainExample.modules"
                    >
                      modules
                    </a>
                  </div>
                </div>
              </div>
            </div>
          </div>
          <div
            class="hs-collapsible  hs-left-nav-module"
          >
            <div
              class="hs-collapsible-title"
            >
              <div
                class="hs-collapsible-pre  hs-collapsible-arrow-right"
              />
              <div>
                <a
                  class="hs-left-nav-module-name"
                  href="#!/api/hsDocs/hsDocs.view.Tooltip"
                >
                  view.Tooltip
                </a>
              </div>
            </div>
            <div
              class="hs-collapsible-content "
            >
              <div>
                <div
                  class="hs-left-nav-entries"
                >
                  <div
                    class="hs-left-nav-header"
                  >
                    Functions
                  </div>
                  <div>
                    
                    <a
                      class="hs-left-nav-entry   hs-left-nav-exported"
                      href="#!/api/hsDocs/hsDocs.view.Tooltip.tooltip"
                    >
                      tooltip
                    </a>
                  </div>
                </div>
              </div>
            </div>
          </div>
        </div>
      </div>
    </div>
  </div>
</body>
`;
