// Jest Snapshot v1, https://goo.gl/fbAQLP

exports[`commentLong should translate commentLong 1`] = `
Object {
  "attrs": Object {
    "className": "hsdocs_comment",
  },
  "children": Array [
    Object {
      "attrs": Object {
        "className": "hsdocs_comment_desc",
      },
      "children": Array [
        Object {
          "attrs": undefined,
          "children": "<p>short example comment.</p>
<pre><code>    # complete comment
    with sub paragraphs and code:
    &lt;pre&gt;<code>line 1 {
&lt;span class=\\"hs-code-indent\\"&gt;&lt;/span&gt;indented line
}</code>&lt;/pre&gt;
</code></pre>",
          "dom": undefined,
          "domSize": undefined,
          "events": undefined,
          "instance": undefined,
          "key": undefined,
          "state": undefined,
          "tag": "<",
          "text": undefined,
        },
      ],
      "dom": undefined,
      "domSize": undefined,
      "events": undefined,
      "instance": undefined,
      "key": undefined,
      "state": undefined,
      "tag": "div",
      "text": undefined,
    },
    Object {
      "attrs": null,
      "children": undefined,
      "dom": undefined,
      "domSize": undefined,
      "events": undefined,
      "instance": undefined,
      "key": undefined,
      "state": undefined,
      "tag": "hsdocs_comment_return",
      "text": "",
    },
    Object {
      "attrs": null,
      "children": Array [
        Object {
          "attrs": undefined,
          "children": "",
          "dom": undefined,
          "domSize": undefined,
          "events": undefined,
          "instance": undefined,
          "key": undefined,
          "state": undefined,
          "tag": "#",
          "text": undefined,
        },
        Object {
          "attrs": undefined,
          "children": "",
          "dom": undefined,
          "domSize": undefined,
          "events": undefined,
          "instance": undefined,
          "key": undefined,
          "state": undefined,
          "tag": "#",
          "text": undefined,
        },
        Object {
          "attrs": undefined,
          "children": "",
          "dom": undefined,
          "domSize": undefined,
          "events": undefined,
          "instance": undefined,
          "key": undefined,
          "state": undefined,
          "tag": "#",
          "text": undefined,
        },
      ],
      "dom": undefined,
      "domSize": undefined,
      "events": undefined,
      "instance": undefined,
      "key": undefined,
      "state": undefined,
      "tag": "div",
      "text": undefined,
    },
  ],
  "dom": undefined,
  "domSize": undefined,
  "events": undefined,
  "instance": undefined,
  "key": undefined,
  "state": undefined,
  "tag": "div",
  "text": undefined,
}
`;
