// Jest Snapshot v1, https://goo.gl/fbAQLP

exports[`Types hsDocs 1`] = `
Object {
  "DocComment": Object {
    "returns": 7,
    "shortText": 47,
    "text": 44,
  },
  "DocNode": Object {
    "children": 64,
    "comment": 59,
    "defaultValue": 45,
    "extendedBy": 6,
    "extendedTypes": 18,
    "flags": 503,
    "groups": 64,
    "id": 503,
    "indexSignature": 3,
    "inheritedFrom": 63,
    "kind": 503,
    "kindString": 502,
    "name": 503,
    "originalName": 13,
    "overwrites": 5,
    "parameters": 3,
    "signatures": 86,
    "sources": 332,
    "type": 364,
  },
  "DocNodeFlags": Object {
    "isConst": 21,
    "isExported": 74,
    "isOptional": 55,
    "isPrivate": 3,
    "isProtected": 3,
    "isPublic": 3,
    "isStatic": 5,
  },
  "DocReference": Object {
    "children": 86,
    "kind": 86,
    "title": 86,
  },
  "DocSignature": Object {
    "comment": 30,
    "flags": 86,
    "id": 86,
    "inheritedFrom": 6,
    "kind": 86,
    "kindString": 86,
    "name": 86,
    "overwrites": 3,
    "parameters": 82,
    "type": 86,
  },
  "DocSource": Object {
    "character": 333,
    "fileName": 333,
    "line": 333,
  },
  "DocType": Object {
    "declaration": 10,
    "elementType": 38,
    "id": 81,
    "name": 445,
    "type": 505,
    "typeArguments": 5,
    "types": 6,
    "value": 6,
  },
  "DocTypeNameID": Object {
    "id": 90,
    "name": 114,
    "type": 114,
  },
}
`;

exports[`Types hsGraphD3 1`] = `
Object {
  "DocComment": Object {
    "returns": 9,
    "shortText": 192,
    "tags": 2,
    "text": 74,
  },
  "DocNode": Object {
    "children": 136,
    "comment": 182,
    "defaultValue": 96,
    "extendedBy": 15,
    "extendedTypes": 38,
    "flags": 1173,
    "getSignature": 24,
    "groups": 136,
    "id": 1173,
    "implementationOf": 24,
    "implementedBy": 1,
    "implementedTypes": 8,
    "indexSignature": 16,
    "inheritedFrom": 168,
    "kind": 1173,
    "kindString": 1171,
    "name": 1173,
    "originalName": 29,
    "overwrites": 56,
    "parameters": 16,
    "signatures": 215,
    "sources": 777,
    "type": 795,
  },
  "DocNodeFlags": Object {
    "isAbstract": 9,
    "isConst": 39,
    "isConstructorProperty": 6,
    "isExported": 458,
    "isOptional": 60,
    "isPrivate": 19,
    "isProtected": 73,
    "isPublic": 28,
    "isRest": 8,
    "isStatic": 14,
  },
  "DocReference": Object {
    "children": 231,
    "kind": 231,
    "title": 231,
  },
  "DocSignature": Object {
    "comment": 78,
    "flags": 215,
    "id": 215,
    "implementationOf": 15,
    "inheritedFrom": 34,
    "kind": 215,
    "kindString": 215,
    "name": 215,
    "overwrites": 43,
    "parameters": 182,
    "type": 215,
  },
  "DocSource": Object {
    "character": 778,
    "fileName": 778,
    "line": 778,
  },
  "DocTag": Object {
    "param": 3,
    "tag": 3,
    "text": 3,
  },
  "DocType": Object {
    "declaration": 33,
    "elementType": 101,
    "elements": 3,
    "id": 382,
    "name": 1024,
    "type": 1203,
    "typeArguments": 17,
    "types": 30,
    "value": 12,
  },
  "DocTypeNameID": Object {
    "id": 419,
    "name": 447,
    "type": 447,
  },
}
`;

exports[`Types hsLayout 1`] = `
Object {
  "DocComment": Object {
    "returns": 19,
    "shortText": 260,
    "tags": 3,
    "text": 103,
  },
  "DocNode": Object {
    "children": 165,
    "comment": 249,
    "defaultValue": 106,
    "extendedBy": 19,
    "extendedTypes": 46,
    "flags": 1371,
    "getSignature": 24,
    "groups": 165,
    "id": 1371,
    "implementationOf": 24,
    "implementedBy": 1,
    "implementedTypes": 8,
    "indexSignature": 16,
    "inheritedFrom": 200,
    "kind": 1371,
    "kindString": 1368,
    "name": 1371,
    "originalName": 38,
    "overwrites": 72,
    "parameters": 16,
    "signatures": 265,
    "sources": 915,
    "type": 913,
  },
  "DocNodeFlags": Object {
    "isAbstract": 14,
    "isConst": 43,
    "isConstructorProperty": 12,
    "isExported": 507,
    "isOptional": 65,
    "isPrivate": 27,
    "isProtected": 80,
    "isPublic": 49,
    "isRest": 8,
    "isStatic": 30,
  },
  "DocReference": Object {
    "children": 286,
    "kind": 286,
    "title": 286,
  },
  "DocSignature": Object {
    "comment": 105,
    "flags": 265,
    "id": 265,
    "implementationOf": 15,
    "inheritedFrom": 48,
    "kind": 265,
    "kindString": 265,
    "name": 265,
    "overwrites": 55,
    "parameters": 226,
    "type": 265,
  },
  "DocSource": Object {
    "character": 916,
    "fileName": 916,
    "line": 916,
  },
  "DocTag": Object {
    "param": 3,
    "tag": 4,
    "text": 4,
  },
  "DocType": Object {
    "declaration": 43,
    "elementType": 126,
    "elements": 3,
    "id": 443,
    "name": 1203,
    "type": 1425,
    "typeArguments": 30,
    "types": 38,
    "value": 12,
  },
  "DocTypeNameID": Object {
    "id": 509,
    "name": 537,
    "type": 537,
  },
}
`;

exports[`Types hsWidget 1`] = `
Object {
  "DocComment": Object {
    "returns": 20,
    "shortText": 329,
    "tags": 5,
    "text": 158,
  },
  "DocNode": Object {
    "children": 226,
    "comment": 328,
    "defaultValue": 144,
    "extendedBy": 22,
    "extendedTypes": 51,
    "flags": 1681,
    "getSignature": 24,
    "groups": 226,
    "id": 1681,
    "implementationOf": 24,
    "implementedBy": 1,
    "implementedTypes": 8,
    "indexSignature": 16,
    "inheritedFrom": 226,
    "kind": 1681,
    "kindString": 1677,
    "name": 1681,
    "originalName": 53,
    "overwrites": 86,
    "parameters": 16,
    "signatures": 348,
    "sources": 1113,
    "type": 1108,
  },
  "DocNodeFlags": Object {
    "isAbstract": 16,
    "isConst": 45,
    "isConstructorProperty": 12,
    "isExported": 678,
    "isOptional": 77,
    "isPrivate": 28,
    "isProtected": 92,
    "isPublic": 50,
    "isRest": 8,
    "isStatic": 58,
  },
  "DocReference": Object {
    "children": 357,
    "kind": 357,
    "title": 357,
  },
  "DocSignature": Object {
    "comment": 132,
    "flags": 348,
    "id": 348,
    "implementationOf": 15,
    "inheritedFrom": 74,
    "kind": 348,
    "kindString": 348,
    "name": 348,
    "overwrites": 69,
    "parameters": 309,
    "type": 348,
  },
  "DocSource": Object {
    "character": 1114,
    "fileName": 1114,
    "line": 1114,
  },
  "DocTag": Object {
    "param": 5,
    "tag": 7,
    "text": 7,
  },
  "DocType": Object {
    "declaration": 54,
    "elementType": 139,
    "elements": 3,
    "id": 533,
    "name": 1476,
    "type": 1727,
    "typeArguments": 31,
    "types": 43,
    "value": 12,
  },
  "DocTypeNameID": Object {
    "id": 599,
    "name": 627,
    "type": 627,
  },
}
`;
